0080007c
00000000
00000059
0000452f
0035c7e2
ok

0880007c
00000005
ok
