C
e
C
e
C
e
C
e
C
e
C
e
C
e
e
C
e
C
e
e
C
e
e
C
e
e
C
e
