00000028
00000002
00000028
00000004
00000028
00000008
00000028
00000010
00000028
00000020
00000028
00000040
00000028
00000080
