00000000
00000001
00000002
00000003
00000004
00000005
00000006
00000007
00000008
00000009
0000000a
0000000b
0000000c
0000000d
0000000e
0000000f

	walked

	TLB entry purged

00000099

	Mod ok
	addr purged from TLB
	PT purged from TLB
00000088
	double ok
	purged
0004a000

	02 - protection violation


