R
XyUVqs
mQCC.R
TgN.AR
ACD_[H
A
HR
e.YB\o

R
XyUVqs
mQCC.R
TgN.AR
ACD_[H
A
HR
e.YB\o

R
XyUVqs
ACD_[H
A
e.YB\o

